gcc -g p2final.c 
îº§ gdb a.out
GNU gdb (Ubuntu 8.1.1-0ubuntu1) 8.1.1
Copyright (C) 2018 Free Software Foundation, Inc.
License GPLv3+: GNU GPL version 3 or later <http://gnu.org/licenses/gpl.html>
This is free software: you are free to change and redistribute it.
There is NO WARRANTY, to the extent permitted by law.  Type "show copying"
and "show warranty" for details.
This GDB was configured as "x86_64-linux-gnu".
Type "show configuration" for configuration details.
For bug reporting instructions, please see:
<http://www.gnu.org/software/gdb/bugs/>.
Find the GDB manual and other documentation resources online at:
<http://www.gnu.org/software/gdb/documentation/>.
For help, type "help".
Type "apropos word" to search for commands related to "word"...
Reading symbols from a.out...done.
(gdb) b main
Breakpoint 1 at 0x8a4: file p2final.c, line 30.
(gdb) r
Starting program: /home/runner/Test2Session2/a.out 
warning: Error disabling address space randomization: Operation not permitted

Breakpoint 1, main () at p2final.c:30
30  {
(gdb) n
33    input(&x1,&y1,&x2,&y2,&x3,&y3);
(gdb) s
input (x1=0x7ffc70876b2c, y1=0x7ffc70876b30, x2=0x7ffc70876b34, 
    y2=0x7ffc70876b38, x3=0x7ffc70876b3c, y3=0x7ffc70876b40) at p2final.c:5
5     printf("Enter the points\n");
(gdb) n
Enter the points
6     scanf("%f%f%f%f%f%f",x1,y1,x2,y2,x3,y3);
(gdb) n
3
4
5
6
7
8
7   }
(gdb) n
main () at p2final.c:34
34    istriangle=is_triangle(x1,y1,x2,y2,x3,y3);
(gdb) s
is_triangle (x1=3, y1=4, x2=5, y2=6, x3=7, y3=8) at p2final.c:11
11    a=0.5*(x1*(y2-y3)+x2*(y3-y1)+x3*(y1-y2));
(gdb) n
12    if(a>0)
(gdb) n
18      istriangle=0;
(gdb) n
20      return istriangle;
(gdb) n
21  }
(gdb) n
main () at p2final.c:35
35    output(istriangle);
(gdb) s
output (istriangle=0) at p2final.c:24
24    if(istriangle==1)
(gdb) n
26    else if(istriangle==0)
(gdb) n
27      printf("It is not Triangle");
(gdb) n
28  }
(gdb) n
main () at p2final.c:36
36    return 0;
(gdb) c
Continuing.
It is not Triangle[Inferior 1 (process 118) exited normally]
